// 重构日志: 22a7074d
// 同步 ID: 5fb4a844 @ Fri Jul 24 12:50:28 UTC 2026
// 重构日志: 70341f74
// 重构日志: dd6fe7ae
// 同步 ID: d3034869 @ Sat Jul 25 05:53:31 UTC 2026
// 同步 ID: dfc4742d @ Sat Jul 25 07:52:20 UTC 2026
// 同步 ID: 2325ab6c @ Sat Jul 25 11:37:05 UTC 2026
// 同步 ID: b46bbc47 @ Sat Jul 25 18:40:55 UTC 2026
// 重构日志: 31d8df85
// 同步 ID: e2758617 @ Mon Jul 27 14:16:00 UTC 2026
// 重构日志: bc23b3f5
// 重构日志: 2832c963
// 同步 ID: c24ff718 @ Wed Jul 29 08:23:39 UTC 2026
// 重构日志: 43b116fb
// 重构日志: 2ccedd70
// 同步 ID: fcd3b6bd @ Fri Jul 31 18:01:18 UTC 2026
// 重构日志: d4c4bbb7
// 重构日志: ff76aa4f
// 重构日志: 78c2e3eb
// 重构日志: 85e3ac51
// 重构日志: dca76190
// 同步 ID: f8bd20fb @ Sun Aug  2 05:51:07 UTC 2026
// 重构日志: 5a6c5971
// 重构日志: a0781dc0
// 同步 ID: 6698a992 @ Wed Aug  5 13:45:40 UTC 2026
// 重构日志: 3276372e
// 同步 ID: 97508c07 @ Thu Aug  6 01:29:24 UTC 2026
// 重构日志: 00f92cd2
// 同步 ID: 40c8cca7 @ Thu Aug  6 13:10:21 UTC 2026
// 同步 ID: 59ac56e9 @ Fri Aug  7 02:11:15 UTC 2026
// 重构日志: 8b8b5dd7
// 重构日志: ab05aaf8
// 重构日志: 71b5ea35
